$ bun scripts/sync-theme.ts && bunx --bun shadcn@4.21.0 build registry.json --output public/r
- Building accordion...
- Building alert...
- Building alert-dialog...
- Building aspect-ratio...
- Building attachment...
- Building avatar...
- Building badge...
- Building breadcrumb...
- Building bubble...
- Building button...
- Building button-group...
- Building calendar...
- Building card...
- Building carousel...
- Building chart...
- Building checkbox...
- Building collapsible...
- Building combobox...
- Building command...
- Building context-menu...
- Building data-table...
- Building date-picker...
- Building dialog...
- Building direction...
- Building drawer...
- Building dropdown-menu...
- Building empty...
- Building field...
- Building hover-card...
- Building input...
- Building input-group...
- Building input-otp...
- Building item...
- Building kbd...
- Building label...
- Building marker...
- Building menubar...
- Building message...
- Building message-scroller...
- Building native-select...
- Building navigation-menu...
- Building pagination...
- Building popover...
- Building progress...
- Building questionnaire...
- Building radio-group...
- Building resizable...
- Building scroll-area...
- Building select...
- Building separator...
- Building sheet...
- Building sidebar...
- Building skeleton...
- Building slider...
- Building spinner...
- Building switch...
- Building table...
- Building tabs...
- Building textarea...
- Building toast...
- Building toggle...
- Building toggle-group...
- Building tooltip...
- Building typography...
- Building action-button...
- Building copy-button...
- Building text-field...
- Building empty-state...
- Building section-heading...
- Building settings-card...
- Building status-indicator...
- Building keyboard-shortcut...
- Building search-field...
- Building member-item...
- Building project-card...
- Building notification-preferences...
- Building theme...
- Building starter...
✔ Building registry.
